// Jest Snapshot v1, https://goo.gl/fbAQLP

exports[`Tests calculatorScreen component renders correctly 1`] = `
<View
  style={
    Object {
      "backgroundColor": "black",
      "flex": 1,
    }
  }
>
  <View
    style={
      Object {
        "alignItems": "flex-end",
        "borderBottomColor": "Orange",
        "borderBottomWidth": 4,
        "flex": 4,
        "justifyContent": "flex-end",
        "marginRight": 15,
      }
    }
  >
    <Text
      style={
        Object {
          "color": "white",
          "fontSize": 50,
          "fontWeight": "bold",
          "padding": 10,
        }
      }
      testID="resultField"
    />
  </View>
  <View
    style={
      Object {
        "alignItems": "flex-end",
        "backgroundColor": "grey",
        "borderColor": "black",
        "borderWidth": 3,
        "flex": 1,
        "justifyContent": "center",
        "paddingHorizontal": 15,
      }
    }
  >
    <Text
      style={
        Object {
          "color": "white",
          "fontSize": 30,
        }
      }
      testID="calculationField"
    >
      0
    </Text>
  </View>
  <View
    style={
      Object {
        "backgroundColor": "orange",
        "flex": 6,
        "flexDirection": "row",
      }
    }
  >
    <View
      style={
        Object {
          "flex": 3,
        }
      }
    >
      <View
        style={
          Object {
            "alignItems": "center",
            "borderColor": "black",
            "borderWidth": 3,
            "flex": 1,
            "flexDirection": "row",
            "justifyContent": "space-around",
          }
        }
      >
        <View
          accessible={true}
          collapsable={false}
          focusable={true}
          onBlur={[Function]}
          onClick={[Function]}
          onFocus={[Function]}
          onResponderGrant={[Function]}
          onResponderMove={[Function]}
          onResponderRelease={[Function]}
          onResponderTerminate={[Function]}
          onResponderTerminationRequest={[Function]}
          onStartShouldSetResponder={[Function]}
          style={false}
        >
          <Text
            style={
              Object {
                "color": "white",
                "fontSize": 30,
                "fontWeight": "bold",
              }
            }
          >
            1
          </Text>
        </View>
        <View
          accessible={true}
          collapsable={false}
          focusable={true}
          onBlur={[Function]}
          onClick={[Function]}
          onFocus={[Function]}
          onResponderGrant={[Function]}
          onResponderMove={[Function]}
          onResponderRelease={[Function]}
          onResponderTerminate={[Function]}
          onResponderTerminationRequest={[Function]}
          onStartShouldSetResponder={[Function]}
          style={false}
        >
          <Text
            style={
              Object {
                "color": "white",
                "fontSize": 30,
                "fontWeight": "bold",
              }
            }
          >
            2
          </Text>
        </View>
        <View
          accessible={true}
          collapsable={false}
          focusable={true}
          onBlur={[Function]}
          onClick={[Function]}
          onFocus={[Function]}
          onResponderGrant={[Function]}
          onResponderMove={[Function]}
          onResponderRelease={[Function]}
          onResponderTerminate={[Function]}
          onResponderTerminationRequest={[Function]}
          onStartShouldSetResponder={[Function]}
          style={false}
        >
          <Text
            style={
              Object {
                "color": "white",
                "fontSize": 30,
                "fontWeight": "bold",
              }
            }
          >
            3
          </Text>
        </View>
      </View>
      <View
        style={
          Object {
            "alignItems": "center",
            "borderColor": "black",
            "borderWidth": 3,
            "flex": 1,
            "flexDirection": "row",
            "justifyContent": "space-around",
          }
        }
      >
        <View
          accessible={true}
          collapsable={false}
          focusable={true}
          onBlur={[Function]}
          onClick={[Function]}
          onFocus={[Function]}
          onResponderGrant={[Function]}
          onResponderMove={[Function]}
          onResponderRelease={[Function]}
          onResponderTerminate={[Function]}
          onResponderTerminationRequest={[Function]}
          onStartShouldSetResponder={[Function]}
          style={false}
        >
          <Text
            style={
              Object {
                "color": "white",
                "fontSize": 30,
                "fontWeight": "bold",
              }
            }
          >
            4
          </Text>
        </View>
        <View
          accessible={true}
          collapsable={false}
          focusable={true}
          onBlur={[Function]}
          onClick={[Function]}
          onFocus={[Function]}
          onResponderGrant={[Function]}
          onResponderMove={[Function]}
          onResponderRelease={[Function]}
          onResponderTerminate={[Function]}
          onResponderTerminationRequest={[Function]}
          onStartShouldSetResponder={[Function]}
          style={false}
        >
          <Text
            style={
              Object {
                "color": "white",
                "fontSize": 30,
                "fontWeight": "bold",
              }
            }
          >
            5
          </Text>
        </View>
        <View
          accessible={true}
          collapsable={false}
          focusable={true}
          onBlur={[Function]}
          onClick={[Function]}
          onFocus={[Function]}
          onResponderGrant={[Function]}
          onResponderMove={[Function]}
          onResponderRelease={[Function]}
          onResponderTerminate={[Function]}
          onResponderTerminationRequest={[Function]}
          onStartShouldSetResponder={[Function]}
          style={false}
        >
          <Text
            style={
              Object {
                "color": "white",
                "fontSize": 30,
                "fontWeight": "bold",
              }
            }
          >
            6
          </Text>
        </View>
      </View>
      <View
        style={
          Object {
            "alignItems": "center",
            "borderColor": "black",
            "borderWidth": 3,
            "flex": 1,
            "flexDirection": "row",
            "justifyContent": "space-around",
          }
        }
      >
        <View
          accessible={true}
          collapsable={false}
          focusable={true}
          onBlur={[Function]}
          onClick={[Function]}
          onFocus={[Function]}
          onResponderGrant={[Function]}
          onResponderMove={[Function]}
          onResponderRelease={[Function]}
          onResponderTerminate={[Function]}
          onResponderTerminationRequest={[Function]}
          onStartShouldSetResponder={[Function]}
          style={false}
        >
          <Text
            style={
              Object {
                "color": "white",
                "fontSize": 30,
                "fontWeight": "bold",
              }
            }
          >
            7
          </Text>
        </View>
        <View
          accessible={true}
          collapsable={false}
          focusable={true}
          onBlur={[Function]}
          onClick={[Function]}
          onFocus={[Function]}
          onResponderGrant={[Function]}
          onResponderMove={[Function]}
          onResponderRelease={[Function]}
          onResponderTerminate={[Function]}
          onResponderTerminationRequest={[Function]}
          onStartShouldSetResponder={[Function]}
          style={false}
        >
          <Text
            style={
              Object {
                "color": "white",
                "fontSize": 30,
                "fontWeight": "bold",
              }
            }
          >
            8
          </Text>
        </View>
        <View
          accessible={true}
          collapsable={false}
          focusable={true}
          onBlur={[Function]}
          onClick={[Function]}
          onFocus={[Function]}
          onResponderGrant={[Function]}
          onResponderMove={[Function]}
          onResponderRelease={[Function]}
          onResponderTerminate={[Function]}
          onResponderTerminationRequest={[Function]}
          onStartShouldSetResponder={[Function]}
          style={false}
        >
          <Text
            style={
              Object {
                "color": "white",
                "fontSize": 30,
                "fontWeight": "bold",
              }
            }
          >
            9
          </Text>
        </View>
      </View>
      <View
        style={
          Object {
            "alignItems": "center",
            "borderColor": "black",
            "borderWidth": 3,
            "flex": 1,
            "flexDirection": "row",
            "justifyContent": "space-around",
          }
        }
      >
        <View
          accessible={true}
          collapsable={false}
          focusable={true}
          onBlur={[Function]}
          onClick={[Function]}
          onFocus={[Function]}
          onResponderGrant={[Function]}
          onResponderMove={[Function]}
          onResponderRelease={[Function]}
          onResponderTerminate={[Function]}
          onResponderTerminationRequest={[Function]}
          onStartShouldSetResponder={[Function]}
          style={false}
        >
          <Text
            style={
              Object {
                "color": "white",
                "fontSize": 30,
                "fontWeight": "bold",
              }
            }
          >
            .
          </Text>
        </View>
        <View
          accessible={true}
          collapsable={false}
          focusable={true}
          onBlur={[Function]}
          onClick={[Function]}
          onFocus={[Function]}
          onResponderGrant={[Function]}
          onResponderMove={[Function]}
          onResponderRelease={[Function]}
          onResponderTerminate={[Function]}
          onResponderTerminationRequest={[Function]}
          onStartShouldSetResponder={[Function]}
          style={false}
        >
          <Text
            style={
              Object {
                "color": "white",
                "fontSize": 30,
                "fontWeight": "bold",
              }
            }
          >
            0
          </Text>
        </View>
        <View
          accessible={true}
          collapsable={false}
          focusable={true}
          onBlur={[Function]}
          onClick={[Function]}
          onFocus={[Function]}
          onResponderGrant={[Function]}
          onResponderMove={[Function]}
          onResponderRelease={[Function]}
          onResponderTerminate={[Function]}
          onResponderTerminationRequest={[Function]}
          onStartShouldSetResponder={[Function]}
          style={false}
        >
          <Text
            style={
              Object {
                "color": "white",
                "fontSize": 30,
                "fontWeight": "bold",
              }
            }
          >
            =
          </Text>
        </View>
      </View>
    </View>
    <View
      style={
        Object {
          "alignItems": "center",
          "backgroundColor": "grey",
          "borderColor": "black",
          "borderWidth": 3,
          "flex": 1,
          "justifyContent": "space-around",
        }
      }
    >
      <View
        accessible={true}
        collapsable={false}
        focusable={true}
        onBlur={[Function]}
        onClick={[Function]}
        onFocus={[Function]}
        onResponderGrant={[Function]}
        onResponderMove={[Function]}
        onResponderRelease={[Function]}
        onResponderTerminate={[Function]}
        onResponderTerminationRequest={[Function]}
        onStartShouldSetResponder={[Function]}
        style={false}
      >
        <Text
          style={
            Object {
              "color": "white",
              "fontSize": 30,
              "fontWeight": "bold",
            }
          }
        >
          DEL
        </Text>
      </View>
      <View
        accessible={true}
        collapsable={false}
        focusable={true}
        onBlur={[Function]}
        onClick={[Function]}
        onFocus={[Function]}
        onResponderGrant={[Function]}
        onResponderMove={[Function]}
        onResponderRelease={[Function]}
        onResponderTerminate={[Function]}
        onResponderTerminationRequest={[Function]}
        onStartShouldSetResponder={[Function]}
        style={false}
      >
        <Text
          style={
            Object {
              "color": "white",
              "fontSize": 30,
              "fontWeight": "bold",
            }
          }
        >
          AC
        </Text>
      </View>
      <View
        accessible={true}
        collapsable={false}
        focusable={true}
        onBlur={[Function]}
        onClick={[Function]}
        onFocus={[Function]}
        onResponderGrant={[Function]}
        onResponderMove={[Function]}
        onResponderRelease={[Function]}
        onResponderTerminate={[Function]}
        onResponderTerminationRequest={[Function]}
        onStartShouldSetResponder={[Function]}
        style={false}
      >
        <Text
          style={
            Object {
              "color": "white",
              "fontSize": 30,
              "fontWeight": "bold",
            }
          }
        >
          -
        </Text>
      </View>
      <View
        accessible={true}
        collapsable={false}
        focusable={true}
        onBlur={[Function]}
        onClick={[Function]}
        onFocus={[Function]}
        onResponderGrant={[Function]}
        onResponderMove={[Function]}
        onResponderRelease={[Function]}
        onResponderTerminate={[Function]}
        onResponderTerminationRequest={[Function]}
        onStartShouldSetResponder={[Function]}
        style={false}
      >
        <Text
          style={
            Object {
              "color": "white",
              "fontSize": 30,
              "fontWeight": "bold",
            }
          }
        >
          +
        </Text>
      </View>
      <View
        accessible={true}
        collapsable={false}
        focusable={true}
        onBlur={[Function]}
        onClick={[Function]}
        onFocus={[Function]}
        onResponderGrant={[Function]}
        onResponderMove={[Function]}
        onResponderRelease={[Function]}
        onResponderTerminate={[Function]}
        onResponderTerminationRequest={[Function]}
        onStartShouldSetResponder={[Function]}
        style={false}
      >
        <Text
          style={
            Object {
              "color": "white",
              "fontSize": 30,
              "fontWeight": "bold",
            }
          }
        >
          /
        </Text>
      </View>
      <View
        accessible={true}
        collapsable={false}
        focusable={true}
        onBlur={[Function]}
        onClick={[Function]}
        onFocus={[Function]}
        onResponderGrant={[Function]}
        onResponderMove={[Function]}
        onResponderRelease={[Function]}
        onResponderTerminate={[Function]}
        onResponderTerminationRequest={[Function]}
        onStartShouldSetResponder={[Function]}
        style={false}
      >
        <Text
          style={
            Object {
              "color": "white",
              "fontSize": 30,
              "fontWeight": "bold",
            }
          }
        >
          *
        </Text>
      </View>
    </View>
  </View>
</View>
`;
